

================================================================
== Vivado HLS Report for 'max'
================================================================
* Date:           Mon Apr  4 16:50:20 2022

* Version:        2020.1 (Build 2897737 on Wed May 27 20:21:37 MDT 2020)
* Project:        max_value
* Solution:       solution1
* Product family: zynq
* Target device:  xc7z020-clg400-1


================================================================
== Performance Estimates
================================================================
+ Timing: 
    * Summary: 
    +--------+----------+----------+------------+
    |  Clock |  Target  | Estimated| Uncertainty|
    +--------+----------+----------+------------+
    |ap_clk  | 10.00 ns | 4.198 ns |   1.25 ns  |
    +--------+----------+----------+------------+

+ Latency: 
    * Summary: 
    +---------+---------+-----------+-----------+-----+-----+---------+
    |  Latency (cycles) |   Latency (absolute)  |  Interval | Pipeline|
    |   min   |   max   |    min    |    max    | min | max |   Type  |
    +---------+---------+-----------+-----------+-----+-----+---------+
    |        1|        1| 10.000 ns | 10.000 ns |    1|    1|   none  |
    +---------+---------+-----------+-----------+-----+-----+---------+

    + Detail: 
        * Instance: 
        N/A

        * Loop: 
        N/A



================================================================
== Utilization Estimates
================================================================
* Summary: 
+-----------------+---------+-------+--------+-------+-----+
|       Name      | BRAM_18K| DSP48E|   FF   |  LUT  | URAM|
+-----------------+---------+-------+--------+-------+-----+
|DSP              |        -|      -|       -|      -|    -|
|Expression       |        -|      -|       0|     13|    -|
|FIFO             |        -|      -|       -|      -|    -|
|Instance         |        -|      -|       -|      -|    -|
|Memory           |        -|      -|       -|      -|    -|
|Multiplexer      |        -|      -|       -|     48|    -|
|Register         |        -|      -|      18|      -|    -|
+-----------------+---------+-------+--------+-------+-----+
|Total            |        0|      0|      18|     61|    0|
+-----------------+---------+-------+--------+-------+-----+
|Available        |      280|    220|  106400|  53200|    0|
+-----------------+---------+-------+--------+-------+-----+
|Utilization (%)  |        0|      0|   ~0   |   ~0  |    0|
+-----------------+---------+-------+--------+-------+-----+

+ Detail: 
    * Instance: 
    N/A

    * DSP48E: 
    N/A

    * Memory: 
    N/A

    * FIFO: 
    N/A

    * Expression: 
    +----------------------+----------+-------+---+----+------------+------------+
    |     Variable Name    | Operation| DSP48E| FF| LUT| Bitwidth P0| Bitwidth P1|
    +----------------------+----------+-------+---+----+------------+------------+
    |icmp_ln887_fu_151_p2  |   icmp   |      0|  0|  13|          16|          16|
    +----------------------+----------+-------+---+----+------------+------------+
    |Total                 |          |      0|  0|  13|          16|          16|
    +----------------------+----------+-------+---+----+------------+------------+

    * Multiplexer: 
    +-----------------------------------------+----+-----------+-----+-----------+
    |                   Name                  | LUT| Input Size| Bits| Total Bits|
    +-----------------------------------------+----+-----------+-----+-----------+
    |ap_NS_fsm                                |  15|          3|    1|          3|
    |ap_phi_mux_y_data_V_tmp_0_phi_fu_103_p4  |  15|          3|   16|         48|
    |x_TDATA_blk_n                            |   9|          2|    1|          2|
    |y_TDATA_blk_n                            |   9|          2|    1|          2|
    +-----------------------------------------+----+-----------+-----+-----------+
    |Total                                    |  48|         10|   19|         55|
    +-----------------------------------------+----+-----------+-----+-----------+

    * Register: 
    +-----------+----+----+-----+-----------+
    |    Name   | FF | LUT| Bits| Const Bits|
    +-----------+----+----+-----+-----------+
    |ap_CS_fsm  |   2|   0|    2|          0|
    |max_value  |  16|   0|   16|          0|
    +-----------+----+----+-----+-----------+
    |Total      |  18|   0|   18|          0|
    +-----------+----+----+-----+-----------+



================================================================
== Interface
================================================================
* Summary: 
+----------+-----+-----+--------------+--------------+--------------+
| RTL Ports| Dir | Bits|   Protocol   | Source Object|    C Type    |
+----------+-----+-----+--------------+--------------+--------------+
|ap_clk    |  in |    1| ap_ctrl_none |      max     | return value |
|ap_rst_n  |  in |    1| ap_ctrl_none |      max     | return value |
|y_TDATA   | out |   16|     axis     |   y_data_V   |    pointer   |
|y_TVALID  | out |    1|     axis     |   y_dest_V   |    pointer   |
|y_TREADY  |  in |    1|     axis     |   y_dest_V   |    pointer   |
|y_TDEST   | out |    1|     axis     |   y_dest_V   |    pointer   |
|y_TKEEP   | out |    2|     axis     |   y_keep_V   |    pointer   |
|y_TSTRB   | out |    2|     axis     |   y_strb_V   |    pointer   |
|y_TUSER   | out |    1|     axis     |   y_user_V   |    pointer   |
|y_TLAST   | out |    1|     axis     |   y_last_V   |    pointer   |
|y_TID     | out |    1|     axis     |    y_id_V    |    pointer   |
|x_TDATA   |  in |   16|     axis     |   x_data_V   |    pointer   |
|x_TVALID  |  in |    1|     axis     |   x_dest_V   |    pointer   |
|x_TREADY  | out |    1|     axis     |   x_dest_V   |    pointer   |
|x_TDEST   |  in |    1|     axis     |   x_dest_V   |    pointer   |
|x_TKEEP   |  in |    2|     axis     |   x_keep_V   |    pointer   |
|x_TSTRB   |  in |    2|     axis     |   x_strb_V   |    pointer   |
|x_TUSER   |  in |    1|     axis     |   x_user_V   |    pointer   |
|x_TLAST   |  in |    1|     axis     |   x_last_V   |    pointer   |
|x_TID     |  in |    1|     axis     |    x_id_V    |    pointer   |
+----------+-----+-----+--------------+--------------+--------------+

