Report time       : Wed Mar 30 12:57:36 EDT 2022.
Solution          : IPXACTExport.
Simulation tool   : xsim.

+----------+----------+-----------------------------------------------+-----------------------------------------------+
|          |          |                    Latency                    |                    Interval                   |
+   RTL    +  Status  +-----------------------------------------------+-----------------------------------------------+
|          |          |      min      |      avg      |      max      |      min      |      avg      |      max      |
+----------+----------+-----------------------------------------------+-----------------------------------------------+
|      VHDL|        NA|             NA|             NA|             NA|             NA|             NA|             NA|
|   Verilog|      Pass|           1037|           2185|           2568|            512|            805|           1024|
+----------+----------+-----------------------------------------------+-----------------------------------------------+
